// Vitest Snapshot v1, https://vitest.dev/guide/snapshot.html

exports[`SceneRenderer visual regressions > does not draw background stars while travelling on a planet surface 1`] = `
{
  "bounds": {
    "maxX": 73,
    "maxY": 45,
    "minX": 1,
    "minY": 1,
  },
  "chars": {
    " ": 27,
    "+": 4,
    ",": 1,
    ".": 2,
    "0": 3,
    "1": 1,
    "8": 2,
    "9": 1,
    "<": 1,
    ">": 1,
    "@": 1,
    "D": 1,
    "E": 2,
    "G": 1,
    "I": 2,
    "N": 1,
    "R": 2,
    "S": 2,
    "W": 1,
    "^": 1,
    "e": 2,
    "g": 1,
    "i": 1,
    "n": 1,
    "o": 1,
    "r": 1,
    "s": 2,
    "v": 1,
    "x": 1,
    "─": 142,
    "│": 86,
    "┌": 1,
    "┐": 1,
    "└": 1,
    "┘": 1,
    "█": 3053,
  },
  "totalCalls": 3353,
}
`;

exports[`SceneRenderer visual regressions > draws subtle background stars during interplanetary travel 1`] = `
{
  "bounds": {
    "maxX": 119,
    "maxY": 59,
    "minX": 0,
    "minY": 0,
  },
  "chars": {
    " ": 330,
    "*": 1,
    ".": 1,
    "1": 2,
    "3": 1,
    "7": 1,
    "<null>": 324,
    "@": 2,
    "A": 3,
    "C": 1,
    "E": 1,
    "L": 2,
    "M": 1,
    "O": 1,
    "S": 2,
    "T": 1,
    "U": 1,
    "Y": 1,
    "c": 1,
    "e": 1,
    "l": 2,
    "·": 107,
    "─": 36,
    "│": 36,
    "┌": 1,
    "┐": 1,
    "└": 1,
    "┘": 1,
    "▓": 1,
  },
  "totalCalls": 864,
}
`;

exports[`SceneRenderer visual regressions > keeps atmospheric twilight on the globe raster through dawn, eclipse, and dusk 1`] = `
{
  "0": "f21758b36dc94655c3c287ecd08f94aa741c9edfff3cd0675a32b8fdcdbc88a2",
  "0.2": "de0af72f25457d0bfe7899765f926c73c9eb17883f53a597e8f8c67bc8c1b2bb",
  "0.35": "0b11a491214b8217eed5ab71754038a44f4edd5b797f8f0f83a12cf8e07fb2f6",
  "0.36": "8c89eebd8b9fb226d02e37784feb0caed71af54f52d76a05d818726cf136f37c",
  "0.3617394005527416": "13776e7ca92bd196f0df8d61915b939d02690dcd8f69b7fa48c043e1cfbeb1ab",
  "0.4125": "76d7e88c50e02bee2061ae2ccd7277910e7895b19e45dcb0fe4fc54749e02f55",
  "0.4631901620461734": "a90d4b8114aefda4ec879cd6d2884698ce033e14f53d4a877b99fde7a4bf7317",
  "0.465": "a074e3c26c9f75192b7bfc4f4d77c04ed2e0ce5d19f2e95e59ec4444188cb4bc",
  "0.475": "56066aa07ef42d594df84884bbceb3ccceca16f77440c479f518a6416cc6a759",
  "0.65": "360ff1fdfceb3a9fc3e7db24ef28220c3ecaffe79df435cff4b7aa9878c8e9b6",
}
`;

exports[`SceneRenderer visual regressions > keeps starbase interiors free of background star effects 1`] = `
{
  "bounds": {
    "maxX": 99,
    "maxY": 53,
    "minX": 0,
    "minY": 0,
  },
  "chars": {
    " ": 8142,
    ",": 1,
    "-": 173,
    "/": 1,
    "0": 9,
    "1": 2,
    "5": 2,
    "8": 1,
    ">": 2,
    "@": 1,
    "A": 4,
    "B": 2,
    "C": 1,
    "D": 4,
    "E": 3,
    "F": 1,
    "H": 1,
    "I": 1,
    "O": 2,
    "P": 1,
    "R": 4,
    "S": 7,
    "T": 5,
    "U": 1,
    "W": 1,
    "[": 1,
    "]": 1,
    "a": 8,
    "b": 2,
    "c": 1,
    "e": 14,
    "g": 2,
    "i": 4,
    "l": 5,
    "n": 2,
    "o": 3,
    "r": 7,
    "s": 6,
    "t": 6,
    "u": 1,
    "v": 3,
    "w": 1,
    "─": 380,
    "│": 184,
    "┌": 2,
    "┐": 2,
    "└": 2,
    "┘": 2,
    "█": 16,
  },
  "totalCalls": 9027,
}
`;

exports[`SceneRenderer visual regressions > renders reusable modal tables for navigation target selection 1`] = `
{
  "bounds": {
    "maxX": 86,
    "maxY": 28,
    "minX": 23,
    "minY": 14,
  },
  "chars": {
    " ": 975,
    "(": 2,
    ")": 2,
    "-": 58,
    ".": 3,
    "/": 3,
    "0": 5,
    "1": 1,
    "2": 2,
    "4": 2,
    "8": 1,
    ":": 2,
    ">": 1,
    "A": 10,
    "B": 2,
    "C": 1,
    "D": 1,
    "E": 8,
    "F": 2,
    "G": 2,
    "H": 2,
    "L": 2,
    "M": 2,
    "N": 5,
    "O": 3,
    "P": 4,
    "R": 7,
    "S": 2,
    "T": 3,
    "U": 4,
    "W": 1,
    "Y": 2,
    "a": 18,
    "c": 10,
    "d": 4,
    "e": 19,
    "f": 2,
    "g": 6,
    "h": 2,
    "i": 9,
    "l": 9,
    "m": 4,
    "n": 14,
    "o": 15,
    "p": 5,
    "r": 13,
    "s": 9,
    "t": 15,
    "v": 1,
    "w": 1,
    "x": 1,
    "y": 1,
    "|": 3,
    "─": 124,
    "│": 29,
    "┌": 1,
    "┐": 1,
    "└": 1,
    "┘": 1,
    "█": 3,
  },
  "totalCalls": 1441,
}
`;

exports[`SceneRenderer visual regressions > renders the orbital operations screen with globe, landing map, and summary panels 1`] = `
{
  "bounds": {
    "maxX": 131,
    "maxY": 57,
    "minX": 0,
    "minY": 0,
  },
  "chars": {
    " ": 15653,
    "+": 1,
    ",": 3,
    "-": 120,
    ".": 6,
    "/": 2,
    "0": 4,
    "1": 10,
    "2": 6,
    "3": 4,
    "5": 2,
    "7": 1,
    "8": 2,
    ":": 1,
    "A": 8,
    "B": 3,
    "C": 2,
    "D": 5,
    "E": 5,
    "F": 1,
    "G": 3,
    "I": 12,
    "L": 7,
    "M": 4,
    "N": 7,
    "O": 11,
    "P": 3,
    "R": 10,
    "S": 6,
    "T": 6,
    "U": 2,
    "V": 1,
    "W": 1,
    "X": 2,
    "Y": 3,
    "[": 1,
    "]": 1,
    "a": 24,
    "b": 7,
    "c": 13,
    "d": 10,
    "e": 30,
    "f": 2,
    "g": 9,
    "h": 3,
    "i": 24,
    "k": 3,
    "l": 11,
    "m": 11,
    "n": 18,
    "o": 17,
    "p": 5,
    "r": 27,
    "s": 27,
    "t": 18,
    "u": 4,
    "v": 2,
    "w": 2,
    "x": 1,
    "y": 7,
    "|": 4,
    "─": 722,
    "│": 362,
    "┌": 5,
    "┐": 5,
    "└": 5,
    "┘": 5,
    "█": 4364,
    "☼": 1,
  },
  "totalCalls": 21667,
}
`;

exports[`SceneRenderer visual regressions > renders the starbase operations table with tabs, headings, and scrollbar 1`] = `
{
  "bounds": {
    "maxX": 119,
    "maxY": 53,
    "minX": 0,
    "minY": 0,
  },
  "chars": {
    " ": 9919,
    ",": 1,
    "-": 211,
    ".": 1,
    "/": 5,
    "0": 11,
    "1": 4,
    "2": 3,
    "3": 2,
    "4": 2,
    "5": 2,
    "8": 1,
    ":": 2,
    ">": 1,
    "@": 1,
    "A": 2,
    "B": 3,
    "C": 6,
    "D": 7,
    "E": 4,
    "F": 2,
    "H": 1,
    "I": 2,
    "K": 1,
    "L": 2,
    "M": 2,
    "O": 5,
    "P": 3,
    "R": 5,
    "S": 6,
    "T": 4,
    "U": 4,
    "W": 1,
    "Y": 3,
    "[": 1,
    "]": 1,
    "a": 9,
    "b": 2,
    "c": 7,
    "d": 2,
    "e": 32,
    "f": 2,
    "g": 8,
    "h": 2,
    "i": 10,
    "k": 2,
    "l": 10,
    "m": 2,
    "n": 10,
    "o": 10,
    "p": 4,
    "q": 1,
    "r": 12,
    "s": 15,
    "t": 11,
    "u": 8,
    "v": 5,
    "w": 2,
    "x": 1,
    "y": 2,
    "─": 456,
    "│": 171,
    "┌": 2,
    "┐": 2,
    "└": 2,
    "┘": 2,
    "█": 3,
  },
  "totalCalls": 11038,
}
`;
