// Vitest Snapshot v1, https://vitest.dev/guide/snapshot.html

exports[`SceneRenderer visual regressions > does not draw background stars while travelling on a planet surface 1`] = `
{
  "bounds": {
    "maxX": 97,
    "maxY": 46,
    "minX": 13,
    "minY": 7,
  },
  "chars": {
    " ": 23,
    "+": 4,
    "8": 1,
    "9": 1,
    ":": 2,
    "<": 1,
    ">": 1,
    "@": 1,
    "E": 1,
    "H": 1,
    "I": 1,
    "L": 1,
    "N": 1,
    "R": 1,
    "S": 1,
    "W": 1,
    "X": 1,
    "Y": 1,
    "^": 1,
    "e": 2,
    "g": 2,
    "h": 1,
    "i": 2,
    "n": 1,
    "o": 2,
    "r": 1,
    "s": 2,
    "v": 1,
    "w": 1,
    "─": 144,
    "│": 76,
    "┌": 1,
    "┐": 1,
    "└": 1,
    "┘": 1,
    "█": 2756,
  },
  "totalCalls": 3040,
}
`;

exports[`SceneRenderer visual regressions > draws subtle background stars during interplanetary travel 1`] = `
{
  "bounds": {
    "maxX": 119,
    "maxY": 59,
    "minX": 1,
    "minY": 0,
  },
  "chars": {
    " ": 324,
    "*": 1,
    ".": 100,
    "<null>": 324,
    "@": 2,
    "A": 1,
    "─": 36,
    "│": 36,
    "┌": 1,
    "┐": 1,
    "└": 1,
    "┘": 1,
    "▓": 1,
  },
  "totalCalls": 829,
}
`;

exports[`SceneRenderer visual regressions > keeps starbase interiors free of background star effects 1`] = `
{
  "bounds": {
    "maxX": 99,
    "maxY": 53,
    "minX": 0,
    "minY": 0,
  },
  "chars": {
    " ": 8142,
    ",": 1,
    "-": 173,
    "/": 1,
    "0": 9,
    "1": 2,
    "5": 2,
    "8": 1,
    ">": 2,
    "@": 1,
    "A": 4,
    "B": 2,
    "C": 1,
    "D": 4,
    "E": 3,
    "F": 1,
    "H": 1,
    "I": 1,
    "O": 2,
    "P": 1,
    "R": 4,
    "S": 7,
    "T": 5,
    "U": 1,
    "W": 1,
    "[": 1,
    "]": 1,
    "a": 8,
    "b": 2,
    "c": 1,
    "e": 14,
    "g": 2,
    "i": 4,
    "l": 5,
    "n": 2,
    "o": 3,
    "r": 7,
    "s": 6,
    "t": 6,
    "u": 1,
    "v": 3,
    "w": 1,
    "─": 380,
    "│": 188,
    "┌": 2,
    "┐": 2,
    "└": 2,
    "┘": 2,
    "█": 20,
  },
  "totalCalls": 9035,
}
`;
